{
  "run_id": "A-2027",
  "status": "COMPLETE",
  "committed_targets": 50000000,
  "attempted_targets": 50000000,
  "updates": 888,
  "retries": 0,
  "parameter_count": 19969152,
  "final_update_loss_nats": 2.6297478275022645,
  "last_1m_training_loss_nats": 2.7663536640625,
  "fixed_training_subset_loss_nats": 3.0386719927191734,
  "holdout_loss_nats": 2.8502183413085938,
  "holdout_perplexity": 17.291556889586968,
  "training_seconds": 596.6412187719916,
  "job_seconds": 618.1399129730003,
  "training_tokens_per_second": 83802.45686496505,
  "physical_batch": 110,
  "global_batch": 110,
  "effective_batch": 110,
  "sequence_length": 512,
  "world_size": 1,
  "device": "cuda",
  "gpu_name": "Tesla T4",
  "torch_version": "2.10.0+cu128",
  "amp_fp16": true,
  "compile": false,
  "seed": 2027,
  "peak_allocated_bytes": 14261529600,
  "peak_reserved_bytes": 15376318464,
  "checkpoint_sha256": "353fa9300c448b31abdc0565cbfd5e4bf2fd748ee938b77a2215fbf9b91a9a22",
  "data_sha256": "aee2756d5158326093413eef3bcdebcf5ca053662025faf7dca026c2814f35bb",
  "tokenizer_sha256": "4764060791e54b50d8d51f4369684cf69205230a9334d08574826b18856b1d74"
}
