{
  "run_id": "B-1337",
  "status": "COMPLETE",
  "committed_targets": 50000000,
  "attempted_targets": 50000000,
  "updates": 888,
  "retries": 0,
  "parameter_count": 19969152,
  "final_update_loss_nats": 2.5367031816123187,
  "last_1m_training_loss_nats": 2.667624890625,
  "fixed_training_subset_loss_nats": 2.9383141547441483,
  "holdout_loss_nats": 2.750823995727539,
  "holdout_perplexity": 15.655526657917845,
  "training_seconds": 915.009769243002,
  "job_seconds": 936.461592651,
  "training_tokens_per_second": 54644.225319436286,
  "physical_batch": 110,
  "global_batch": 110,
  "effective_batch": 110,
  "sequence_length": 512,
  "world_size": 1,
  "device": "cuda",
  "gpu_name": "Tesla T4",
  "torch_version": "2.10.0+cu128",
  "amp_fp16": true,
  "compile": false,
  "seed": 1337,
  "peak_allocated_bytes": 7415548928,
  "peak_reserved_bytes": 8950644736,
  "checkpoint_sha256": "79eb8054fc6a7b02033dd09e92a0d7493e96416cf6406c5c47adc86f54aaba51",
  "data_sha256": "aee2756d5158326093413eef3bcdebcf5ca053662025faf7dca026c2814f35bb",
  "tokenizer_sha256": "4764060791e54b50d8d51f4369684cf69205230a9334d08574826b18856b1d74"
}
