{
  "run_id": "B-2027",
  "status": "COMPLETE",
  "committed_targets": 50000000,
  "attempted_targets": 50000000,
  "updates": 888,
  "retries": 0,
  "parameter_count": 19969152,
  "final_update_loss_nats": 2.5653721906136777,
  "last_1m_training_loss_nats": 2.6923224765625,
  "fixed_training_subset_loss_nats": 2.9626620039343834,
  "holdout_loss_nats": 2.774702043701172,
  "holdout_perplexity": 16.03384889758532,
  "training_seconds": 951.4289875809918,
  "job_seconds": 973.3585401139999,
  "training_tokens_per_second": 52552.52956621072,
  "physical_batch": 110,
  "global_batch": 110,
  "effective_batch": 110,
  "sequence_length": 512,
  "world_size": 1,
  "device": "cuda",
  "gpu_name": "Tesla T4",
  "torch_version": "2.10.0+cu128",
  "amp_fp16": true,
  "compile": false,
  "seed": 2027,
  "peak_allocated_bytes": 7415548928,
  "peak_reserved_bytes": 8950644736,
  "checkpoint_sha256": "acef96105d3cfd27b7fc54df52b667ea7d4e7373d6a2b8e8e4fb0417f400f919",
  "data_sha256": "aee2756d5158326093413eef3bcdebcf5ca053662025faf7dca026c2814f35bb",
  "tokenizer_sha256": "4764060791e54b50d8d51f4369684cf69205230a9334d08574826b18856b1d74"
}
