{
  "run_id": "C-2027",
  "status": "COMPLETE",
  "committed_targets": 50000000,
  "attempted_targets": 50000000,
  "updates": 509,
  "retries": 0,
  "parameter_count": 19969152,
  "final_update_loss_nats": 2.8822201671322767,
  "last_1m_training_loss_nats": 3.02911375,
  "fixed_training_subset_loss_nats": 3.284026086330414,
  "holdout_loss_nats": 3.106536435546875,
  "holdout_perplexity": 22.34352199777596,
  "training_seconds": 918.8688063109976,
  "job_seconds": 940.208613324,
  "training_tokens_per_second": 54414.732175680314,
  "physical_batch": 192,
  "global_batch": 192,
  "effective_batch": 192,
  "sequence_length": 512,
  "world_size": 1,
  "device": "cuda",
  "gpu_name": "Tesla T4",
  "torch_version": "2.10.0+cu128",
  "amp_fp16": true,
  "compile": false,
  "seed": 2027,
  "peak_allocated_bytes": 12743977984,
  "peak_reserved_bytes": 15485370368,
  "checkpoint_sha256": "598c79eec2ad5b72793feae970b09ee8eb6a9e21e5e4371c1422676e393b0307",
  "data_sha256": "aee2756d5158326093413eef3bcdebcf5ca053662025faf7dca026c2814f35bb",
  "tokenizer_sha256": "4764060791e54b50d8d51f4369684cf69205230a9334d08574826b18856b1d74"
}
