{
  "run_id": "E-1337",
  "status": "COMPLETE",
  "committed_targets": 50000000,
  "attempted_targets": 50000000,
  "updates": 509,
  "retries": 0,
  "parameter_count": 19969152,
  "final_update_loss_nats": 2.8662799668659042,
  "last_1m_training_loss_nats": 3.014074953125,
  "fixed_training_subset_loss_nats": 3.2684530317783356,
  "holdout_loss_nats": 3.092173278564453,
  "holdout_perplexity": 22.024892226260857,
  "training_seconds": 948.6435981150021,
  "job_seconds": 970.4385932790001,
  "training_tokens_per_second": 52706.833313746356,
  "physical_batch": 110,
  "global_batch": 110,
  "effective_batch": 192,
  "sequence_length": 512,
  "world_size": 1,
  "device": "cuda",
  "gpu_name": "Tesla T4",
  "torch_version": "2.10.0+cu128",
  "amp_fp16": true,
  "compile": false,
  "seed": 1337,
  "peak_allocated_bytes": 7415548928,
  "peak_reserved_bytes": 8948547584,
  "checkpoint_sha256": "28d284b58456758a8d8d015e20435308612a5e228907ddc427c6ca86a231a365",
  "data_sha256": "aee2756d5158326093413eef3bcdebcf5ca053662025faf7dca026c2814f35bb",
  "tokenizer_sha256": "4764060791e54b50d8d51f4369684cf69205230a9334d08574826b18856b1d74"
}
