/usr/local/lib/python3.12/dist-packages/torch/profiler/profiler.py:217: UserWarning: Warning: Profiler clears events at the end of each cycle.Only events from the current cycle will be reported.To keep events across cycles, set acc_events=True.
  _warn_once(
{
  "run_id": "A-L-1337",
  "status": "COMPLETE",
  "committed_targets": 50000000,
  "attempted_targets": 50000000,
  "updates": 888,
  "retries": 0,
  "parameter_count": 19969152,
  "final_update_loss_nats": 2.639073291723279,
  "last_1m_training_loss_nats": 2.7696839453125,
  "fixed_training_subset_loss_nats": 3.044696405529976,
  "holdout_loss_nats": 2.854566508911133,
  "holdout_perplexity": 17.366907176171352,
  "training_seconds": 650.2744861299988,
  "job_seconds": 672.679175039,
  "training_tokens_per_second": 76890.6070689729,
  "physical_batch": 110,
  "global_batch": 110,
  "effective_batch": 110,
  "sequence_length": 512,
  "world_size": 1,
  "device": "cuda",
  "gpu_name": "Tesla T4",
  "torch_version": "2.10.0+cu128",
  "amp_fp16": true,
  "attention_backend": {
    "requested_policy": "efficient",
    "effective_policy": "efficient",
    "device_type": "cuda",
    "cpu_fallback": false,
    "fallback_reason": null,
    "flags": {
      "flash_sdp_enabled": false,
      "mem_efficient_sdp_enabled": true,
      "math_sdp_enabled": false,
      "cudnn_sdp_enabled": false
    },
    "operator_probe": {
      "profile_activity": "CPU",
      "module": "revllm.model.CausalAttention",
      "batch_size": 110,
      "sequence_length": 512,
      "heads": 6,
      "head_dimension": 64,
      "amp_fp16": true,
      "operators": [
        "aten::_efficient_attention_backward",
        "aten::_efficient_attention_forward",
        "aten::_scaled_dot_product_efficient_attention",
        "aten::_scaled_dot_product_efficient_attention_backward",
        "aten::scaled_dot_product_attention"
      ],
      "efficient_operator_observed": true
    }
  },
  "compile": false,
  "seed": 1337,
  "peak_allocated_bytes": 14263155712,
  "peak_reserved_bytes": 15397289984,
  "checkpoint_sha256": "6cf4bd09c3fbae01ca1206b8e8b518491f4699ed0cbfffbf4af90298a619bc86",
  "data_sha256": "aee2756d5158326093413eef3bcdebcf5ca053662025faf7dca026c2814f35bb",
  "tokenizer_sha256": "4764060791e54b50d8d51f4369684cf69205230a9334d08574826b18856b1d74"
}
