/usr/local/lib/python3.12/dist-packages/torch/profiler/profiler.py:217: UserWarning: Warning: Profiler clears events at the end of each cycle.Only events from the current cycle will be reported.To keep events across cycles, set acc_events=True.
  _warn_once(
Traceback (most recent call last):
  File "/kaggle/src/script.py", line 105, in <module>
    main()
  File "/kaggle/src/script.py", line 33, in main
    worker(sys.argv[2], preflight=sys.argv[1] == "preflight")
  File "/kaggle/src/script.py", line 28, in worker
    result = train(RunConfig(**raw), max_updates=1 if preflight else None)
             ^^^^^^^^^^^^^^^^^^^^^^^^^^^^^^^^^^^^^^^^^^^^^^^^^^^^^^^^^^^^^
  File "/kaggle/input/datasets/KAGGLE_USER/revllm-session13-assets/revllm_source/revllm/train.py", line 304, in train
    scaler.scale(loss_sum / planned).backward()
  File "/usr/local/lib/python3.12/dist-packages/torch/_tensor.py", line 630, in backward
    torch.autograd.backward(
  File "/usr/local/lib/python3.12/dist-packages/torch/autograd/__init__.py", line 364, in backward
    _engine_run_backward(
  File "/usr/local/lib/python3.12/dist-packages/torch/autograd/graph.py", line 865, in _engine_run_backward
    return Variable._execution_engine.run_backward(  # Calls into the C++ engine to run the backward pass
           ^^^^^^^^^^^^^^^^^^^^^^^^^^^^^^^^^^^^^^^^^^^^^^^^^^^^^^^^^^^^^^^^^^^^^^^^^^^^^^^^^^^^^^^^^^^^^^
torch.OutOfMemoryError: CUDA out of memory. Tried to allocate 3.66 GiB. GPU 0 has a total capacity of 14.56 GiB of which 2.53 GiB is free. Including non-PyTorch memory, this process has 12.03 GiB memory in use. Of the allocated memory 8.21 GiB is allocated by PyTorch, and 3.67 GiB is reserved by PyTorch but unallocated. If reserved but unallocated memory is large try setting PYTORCH_ALLOC_CONF=expandable_segments:True to avoid fragmentation.  See documentation for Memory Management  (https://pytorch.org/docs/stable/notes/cuda.html#environment-variables)
