{
  "run_id": "pilot-coupled050",
  "status": "COMPLETE",
  "committed_targets": 2000000,
  "attempted_targets": 2000000,
  "updates": 977,
  "retries": 0,
  "parameter_count": 19969152,
  "final_update_loss_nats": 3.6700414021809897,
  "last_1m_training_loss_nats": 3.94460667578125,
  "fixed_training_subset_loss_nats": 4.095651172101498,
  "holdout_loss_nats": null,
  "holdout_perplexity": null,
  "training_seconds": 52.16861880799996,
  "job_seconds": 55.115227194,
  "training_tokens_per_second": 38337.223520537285,
  "physical_batch": 4,
  "global_batch": 4,
  "effective_batch": 4,
  "sequence_length": 512,
  "world_size": 1,
  "device": "cuda",
  "gpu_name": "Tesla T4",
  "torch_version": "2.10.0+cu128",
  "amp_fp16": true,
  "compile": false,
  "seed": 1337,
  "peak_allocated_bytes": 590573568,
  "peak_reserved_bytes": 643825664,
  "checkpoint_sha256": "624b76239f5dd6c26b997506ba3b0d398dc8412c61673a035a9e714ebf253796",
  "data_sha256": "aee2756d5158326093413eef3bcdebcf5ca053662025faf7dca026c2814f35bb",
  "tokenizer_sha256": "4764060791e54b50d8d51f4369684cf69205230a9334d08574826b18856b1d74"
}
