{
  "run_id": "pilot-coupled100",
  "status": "COMPLETE",
  "committed_targets": 2000000,
  "attempted_targets": 2000000,
  "updates": 977,
  "retries": 0,
  "parameter_count": 19969152,
  "final_update_loss_nats": 3.6677898830837674,
  "last_1m_training_loss_nats": 3.957995259765625,
  "fixed_training_subset_loss_nats": 4.105820510536432,
  "holdout_loss_nats": null,
  "holdout_perplexity": null,
  "training_seconds": 53.13808853300088,
  "job_seconds": 56.10347040199997,
  "training_tokens_per_second": 37637.78591241421,
  "physical_batch": 4,
  "global_batch": 4,
  "effective_batch": 4,
  "sequence_length": 512,
  "world_size": 1,
  "device": "cuda",
  "gpu_name": "Tesla T4",
  "torch_version": "2.10.0+cu128",
  "amp_fp16": true,
  "compile": false,
  "seed": 1337,
  "peak_allocated_bytes": 590573568,
  "peak_reserved_bytes": 643825664,
  "checkpoint_sha256": "c110b31f493040fbc5b24aabb5c85a612ad531911ecf785d02402189cc7b5b9b",
  "data_sha256": "aee2756d5158326093413eef3bcdebcf5ca053662025faf7dca026c2814f35bb",
  "tokenizer_sha256": "4764060791e54b50d8d51f4369684cf69205230a9334d08574826b18856b1d74"
}
