{
  "run_id": "pilot-midpoint100",
  "status": "COMPLETE",
  "committed_targets": 2000000,
  "attempted_targets": 2000000,
  "updates": 977,
  "retries": 0,
  "parameter_count": 19969152,
  "final_update_loss_nats": 3.776492648654514,
  "last_1m_training_loss_nats": 4.006207202636719,
  "fixed_training_subset_loss_nats": 4.153441682457924,
  "holdout_loss_nats": null,
  "holdout_perplexity": null,
  "training_seconds": 51.11550751600038,
  "job_seconds": 54.142317564999985,
  "training_tokens_per_second": 39127.069204467,
  "physical_batch": 4,
  "global_batch": 4,
  "effective_batch": 4,
  "sequence_length": 512,
  "world_size": 1,
  "device": "cuda",
  "gpu_name": "Tesla T4",
  "torch_version": "2.10.0+cu128",
  "amp_fp16": true,
  "compile": false,
  "seed": 1337,
  "peak_allocated_bytes": 591360000,
  "peak_reserved_bytes": 643825664,
  "checkpoint_sha256": "3ac9e61ba6fc29a6ccd8dfedbe2fcf1058c1ecb2d459a036c84853935de1c0f7",
  "data_sha256": "aee2756d5158326093413eef3bcdebcf5ca053662025faf7dca026c2814f35bb",
  "tokenizer_sha256": "4764060791e54b50d8d51f4369684cf69205230a9334d08574826b18856b1d74"
}
