/usr/local/lib/python3.12/dist-packages/torch/profiler/profiler.py:217: UserWarning: Warning: Profiler clears events at the end of each cycle.Only events from the current cycle will be reported.To keep events across cycles, set acc_events=True.
  _warn_once(
{
  "run_id": "E-L191-1337",
  "status": "COMPLETE",
  "committed_targets": 50000000,
  "attempted_targets": 50000000,
  "updates": 512,
  "retries": 0,
  "parameter_count": 19969152,
  "final_update_loss_nats": 2.895197941706731,
  "last_1m_training_loss_nats": 2.9946906875,
  "fixed_training_subset_loss_nats": 3.2501141875982285,
  "holdout_loss_nats": 3.072389580078125,
  "holdout_perplexity": 21.59344032863097,
  "training_seconds": 1001.8128516010045,
  "job_seconds": 1024.618200894,
  "training_tokens_per_second": 49909.521444144615,
  "physical_batch": 110,
  "global_batch": 110,
  "effective_batch": 191,
  "sequence_length": 512,
  "world_size": 1,
  "device": "cuda",
  "gpu_name": "Tesla T4",
  "torch_version": "2.10.0+cu128",
  "amp_fp16": true,
  "attention_backend": {
    "requested_policy": "efficient",
    "effective_policy": "efficient",
    "device_type": "cuda",
    "cpu_fallback": false,
    "fallback_reason": null,
    "flags": {
      "flash_sdp_enabled": false,
      "mem_efficient_sdp_enabled": true,
      "math_sdp_enabled": false,
      "cudnn_sdp_enabled": false
    },
    "operator_probe": {
      "profile_activity": "CPU",
      "module": "revllm.model.CausalAttention",
      "batch_size": 110,
      "sequence_length": 512,
      "heads": 6,
      "head_dimension": 64,
      "amp_fp16": true,
      "operators": [
        "aten::_efficient_attention_backward",
        "aten::_efficient_attention_forward",
        "aten::_scaled_dot_product_efficient_attention",
        "aten::_scaled_dot_product_efficient_attention_backward",
        "aten::scaled_dot_product_attention"
      ],
      "efficient_operator_observed": true
    }
  },
  "compile": false,
  "seed": 1337,
  "peak_allocated_bytes": 7418235904,
  "peak_reserved_bytes": 8948547584,
  "checkpoint_sha256": "9691e82698e6e50bafd96341e016b843505d5742fa05616cd2aae2f41ca38f58",
  "data_sha256": "aee2756d5158326093413eef3bcdebcf5ca053662025faf7dca026c2814f35bb",
  "tokenizer_sha256": "4764060791e54b50d8d51f4369684cf69205230a9334d08574826b18856b1d74"
}
