/usr/local/lib/python3.12/dist-packages/torch/profiler/profiler.py:217: UserWarning: Warning: Profiler clears events at the end of each cycle.Only events from the current cycle will be reported.To keep events across cycles, set acc_events=True.
  _warn_once(
Traceback (most recent call last):
  File "/kaggle/src/script.py", line 75, in <module>
    main()
  File "/kaggle/src/script.py", line 34, in main
    worker(sys.argv[2], int(sys.argv[3]))
  File "/kaggle/src/script.py", line 26, in worker
    result = benchmark(RunConfig(**raw), repetitions=1, warmup=20, measured=100)
             ^^^^^^^^^^^^^^^^^^^^^^^^^^^^^^^^^^^^^^^^^^^^^^^^^^^^^^^^^^^^^^^^^^^
  File "/kaggle/input/datasets/KAGGLE_USER/revllm-session13-assets/revllm_source/revllm/profile.py", line 257, in benchmark
    raw.append(_benchmark_repetition(cfg, device, repetition, warmup, measured))
               ^^^^^^^^^^^^^^^^^^^^^^^^^^^^^^^^^^^^^^^^^^^^^^^^^^^^^^^^^^^^^^^^
  File "/kaggle/input/datasets/KAGGLE_USER/revllm-session13-assets/revllm_source/revllm/profile.py", line 203, in _benchmark_repetition
    warmup_attempts, warmup_overflows = _run_successful_updates(step, warmup)
                                        ^^^^^^^^^^^^^^^^^^^^^^^^^^^^^^^^^^^^^
  File "/kaggle/input/datasets/KAGGLE_USER/revllm-session13-assets/revllm_source/revllm/profile.py", line 67, in _run_successful_updates
    if step():
       ^^^^^^
  File "/kaggle/input/datasets/KAGGLE_USER/revllm-session13-assets/revllm_source/revllm/profile.py", line 202, in <lambda>
    step = lambda: _one_step(model, optimizer, scaler, x, y, cfg.use_amp, cfg.physical_batch)
                   ^^^^^^^^^^^^^^^^^^^^^^^^^^^^^^^^^^^^^^^^^^^^^^^^^^^^^^^^^^^^^^^^^^^^^^^^^^
  File "/kaggle/input/datasets/KAGGLE_USER/revllm-session13-assets/revllm_source/revllm/profile.py", line 39, in _one_step
    scaler.scale(loss).backward()
  File "/usr/local/lib/python3.12/dist-packages/torch/_tensor.py", line 630, in backward
    torch.autograd.backward(
  File "/usr/local/lib/python3.12/dist-packages/torch/autograd/__init__.py", line 364, in backward
    _engine_run_backward(
  File "/usr/local/lib/python3.12/dist-packages/torch/autograd/graph.py", line 865, in _engine_run_backward
    return Variable._execution_engine.run_backward(  # Calls into the C++ engine to run the backward pass
           ^^^^^^^^^^^^^^^^^^^^^^^^^^^^^^^^^^^^^^^^^^^^^^^^^^^^^^^^^^^^^^^^^^^^^^^^^^^^^^^^^^^^^^^^^^^^^^
torch.OutOfMemoryError: CUDA out of memory. Tried to allocate 3.66 GiB. GPU 0 has a total capacity of 14.56 GiB of which 2.53 GiB is free. Including non-PyTorch memory, this process has 12.03 GiB memory in use. Of the allocated memory 8.21 GiB is allocated by PyTorch, and 3.68 GiB is reserved by PyTorch but unallocated. If reserved but unallocated memory is large try setting PYTORCH_ALLOC_CONF=expandable_segments:True to avoid fragmentation.  See documentation for Memory Management  (https://pytorch.org/docs/stable/notes/cuda.html#environment-variables)
