{
  "run_id": "A-3141",
  "status": "COMPLETE",
  "committed_targets": 50000000,
  "attempted_targets": 50000000,
  "updates": 888,
  "retries": 0,
  "parameter_count": 19969152,
  "final_update_loss_nats": 2.639048877660779,
  "last_1m_training_loss_nats": 2.7772836328125,
  "fixed_training_subset_loss_nats": 3.052015148103237,
  "holdout_loss_nats": 2.8624707108154297,
  "holdout_perplexity": 17.50472266013309,
  "training_seconds": 714.7955357179969,
  "job_seconds": 738.6185769040001,
  "training_tokens_per_second": 69950.0731349365,
  "physical_batch": 110,
  "global_batch": 110,
  "effective_batch": 110,
  "sequence_length": 512,
  "world_size": 1,
  "device": "cuda",
  "gpu_name": "Tesla T4",
  "torch_version": "2.10.0+cu128",
  "amp_fp16": true,
  "compile": false,
  "seed": 3141,
  "peak_allocated_bytes": 14261529600,
  "peak_reserved_bytes": 15376318464,
  "checkpoint_sha256": "831d835279753389befe3f369e3ad3595d4bcd77317d1df72c0cc6ff95c43ab7",
  "data_sha256": "aee2756d5158326093413eef3bcdebcf5ca053662025faf7dca026c2814f35bb",
  "tokenizer_sha256": "4764060791e54b50d8d51f4369684cf69205230a9334d08574826b18856b1d74"
}
