{
  "run_id": "C-3141",
  "status": "COMPLETE",
  "committed_targets": 50000000,
  "attempted_targets": 50000000,
  "updates": 509,
  "retries": 0,
  "parameter_count": 19969152,
  "final_update_loss_nats": 2.892192118876689,
  "last_1m_training_loss_nats": 3.04003709375,
  "fixed_training_subset_loss_nats": 3.2931443974375725,
  "holdout_loss_nats": 3.117596088623047,
  "holdout_perplexity": 22.592005135438153,
  "training_seconds": 1086.0973627720014,
  "job_seconds": 1109.403341267,
  "training_tokens_per_second": 46036.38836981159,
  "physical_batch": 192,
  "global_batch": 192,
  "effective_batch": 192,
  "sequence_length": 512,
  "world_size": 1,
  "device": "cuda",
  "gpu_name": "Tesla T4",
  "torch_version": "2.10.0+cu128",
  "amp_fp16": true,
  "compile": false,
  "seed": 3141,
  "peak_allocated_bytes": 12743977984,
  "peak_reserved_bytes": 15485370368,
  "checkpoint_sha256": "b9415ad760f6fcab628db0638d839a2aa2bf173a7624f49a186d36f3798b4e7f",
  "data_sha256": "aee2756d5158326093413eef3bcdebcf5ca053662025faf7dca026c2814f35bb",
  "tokenizer_sha256": "4764060791e54b50d8d51f4369684cf69205230a9334d08574826b18856b1d74"
}
