{
  "run_id": "G-checkpointed-1337",
  "status": "COMPLETE",
  "committed_targets": 50000000,
  "attempted_targets": 50000000,
  "updates": 888,
  "retries": 0,
  "parameter_count": 19969152,
  "final_update_loss_nats": 2.6338631892549818,
  "last_1m_training_loss_nats": 2.7660874921875,
  "fixed_training_subset_loss_nats": 3.0409036576747894,
  "holdout_loss_nats": 2.8506458498535157,
  "holdout_perplexity": 17.298950758270678,
  "training_seconds": 821.2833327419983,
  "job_seconds": 844.583358562,
  "training_tokens_per_second": 60880.32960935204,
  "physical_batch": 110,
  "global_batch": 110,
  "effective_batch": 110,
  "sequence_length": 512,
  "world_size": 1,
  "device": "cuda",
  "gpu_name": "Tesla T4",
  "torch_version": "2.10.0+cu128",
  "amp_fp16": true,
  "compile": false,
  "seed": 1337,
  "peak_allocated_bytes": 7937215488,
  "peak_reserved_bytes": 9470738432,
  "checkpoint_sha256": "b3de5713aebe3f7b090a7e319b7fb69191d1589e422bccef123591150ecbe9a2",
  "data_sha256": "aee2756d5158326093413eef3bcdebcf5ca053662025faf7dca026c2814f35bb",
  "tokenizer_sha256": "4764060791e54b50d8d51f4369684cf69205230a9334d08574826b18856b1d74"
}
